// Jest Snapshot v1, https://goo.gl/fbAQLP

exports[`should match snapshot: NewEvent/nomal 1`] = `
.c0 {
  padding: 10px 15px;
}

<MockRouter
  createHref={[Function]}
  location=""
  params={Object {}}
  path=""
  push={[Function]}
  replace={[Function]}
  url=""
>
  <NewEvent
    createEvent={[MockFunction]}
  >
    <Container>
      <withRouter(NavigationBar)>
        <Route>
          <NavigationBar
            history={
              Object {
                "createHref": [Function],
                "path": "",
                "push": [Function],
                "replace": [Function],
              }
            }
            location=""
            match={
              Object {
                "params": Object {},
                "path": "",
                "url": "",
              }
            }
          >
            <Blueprint3.Navbar>
              <div
                className="bp3-navbar"
              >
                <Blueprint3.NavbarGroup
                  align="left"
                >
                  <div
                    className="bp3-navbar-group bp3-align-left"
                  >
                    <Blueprint3.NavbarHeading>
                      <div
                        className="bp3-navbar-heading"
                      >
                        IPPO
                      </div>
                    </Blueprint3.NavbarHeading>
                    <Blueprint3.NavbarDivider>
                      <div
                        className="bp3-navbar-divider"
                      />
                    </Blueprint3.NavbarDivider>
                  </div>
                </Blueprint3.NavbarGroup>
                <Blueprint3.NavbarGroup
                  align="right"
                >
                  <div
                    className="bp3-navbar-group bp3-align-right"
                  >
                    <Blueprint3.Button
                      icon="wrench"
                      minimal={true}
                      onClick={[Function]}
                    >
                      <button
                        className="bp3-button bp3-minimal"
                        onClick={[Function]}
                        onKeyDown={[Function]}
                        onKeyUp={[Function]}
                        type="button"
                      >
                        <Blueprint3.Icon
                          icon="wrench"
                          key="leftIcon"
                        >
                          <span
                            className="bp3-icon bp3-icon-wrench"
                            icon="wrench"
                          >
                            <svg
                              data-icon="wrench"
                              height={16}
                              viewBox="0 0 16 16"
                              width={16}
                            >
                              <desc>
                                wrench
                              </desc>
                              <path
                                d="M15.83 3.7l-3.06 3.05-2.84-.7-.7-2.83L12.29.17a5.004 5.004 0 0 0-4.83 1.29 4.967 4.967 0 0 0-1.12 5.36L.58 12.58c-.36.36-.58.86-.58 1.41 0 1.1.9 2 2 2 .55 0 1.05-.22 1.41-.59l5.77-5.77c1.79.69 3.91.33 5.35-1.12 1.32-1.3 1.74-3.15 1.3-4.81z"
                                fillRule="evenodd"
                                key="0"
                              />
                            </svg>
                          </span>
                        </Blueprint3.Icon>
                        <Blueprint3.Icon
                          key="rightIcon"
                        />
                      </button>
                    </Blueprint3.Button>
                  </div>
                </Blueprint3.NavbarGroup>
              </div>
            </Blueprint3.Navbar>
          </NavigationBar>
        </Route>
      </withRouter(NavigationBar)>
      <styled.div>
        <StyledComponent
          forwardedComponent={
            Object {
              "$$typeof": Symbol(react.forward_ref),
              "attrs": Array [],
              "componentStyle": ComponentStyle {
                "componentId": "sc-bdVaJa",
                "isStatic": true,
                "lastClassName": "c0",
                "rules": Array [
                  "
  padding: 10px 15px;
",
                ],
              },
              "displayName": "styled.div",
              "foldedComponentIds": Array [],
              "render": [Function],
              "styledComponentId": "sc-bdVaJa",
              "target": "div",
              "toString": [Function],
              "warnTooManyClasses": [Function],
              "withComponent": [Function],
            }
          }
          forwardedRef={null}
        >
          <div
            className="c0"
          >
            <EventCreateForm
              onSubmit={[Function]}
            >
              <form>
                <Blueprint3.FormGroup
                  label="イベント名"
                  labelFor="title"
                  labelInfo="(必須)"
                >
                  <div
                    className="bp3-form-group"
                  >
                    <label
                      className="bp3-label"
                      htmlFor="title"
                    >
                      イベント名
                       
                      <span
                        className="bp3-text-muted"
                      >
                        (必須)
                      </span>
                    </label>
                    <div
                      className="bp3-form-content"
                    >
                      <Blueprint3.InputGroup
                        id="title"
                        large={true}
                        onChange={[Function]}
                        value=""
                      >
                        <div
                          className="bp3-input-group bp3-large"
                        >
                          <Blueprint3.Icon />
                          <input
                            className="bp3-input"
                            id="title"
                            onChange={[Function]}
                            style={
                              Object {
                                "paddingRight": 10,
                              }
                            }
                            type="text"
                            value=""
                          />
                        </div>
                      </Blueprint3.InputGroup>
                    </div>
                  </div>
                </Blueprint3.FormGroup>
                <Blueprint3.FormGroup
                  label="概要"
                  labelFor="catchMessage"
                >
                  <div
                    className="bp3-form-group"
                  >
                    <label
                      className="bp3-label"
                      htmlFor="catchMessage"
                    >
                      概要
                       
                      <span
                        className="bp3-text-muted"
                      />
                    </label>
                    <div
                      className="bp3-form-content"
                    >
                      <Blueprint3.InputGroup
                        id="catchMessage"
                        large={true}
                        onChange={[Function]}
                        value=""
                      >
                        <div
                          className="bp3-input-group bp3-large"
                        >
                          <Blueprint3.Icon />
                          <input
                            className="bp3-input"
                            id="catchMessage"
                            onChange={[Function]}
                            style={
                              Object {
                                "paddingRight": 10,
                              }
                            }
                            type="text"
                            value=""
                          />
                        </div>
                      </Blueprint3.InputGroup>
                    </div>
                  </div>
                </Blueprint3.FormGroup>
                <Blueprint3.FormGroup
                  label="場所"
                  labelFor="place"
                >
                  <div
                    className="bp3-form-group"
                  >
                    <label
                      className="bp3-label"
                      htmlFor="place"
                    >
                      場所
                       
                      <span
                        className="bp3-text-muted"
                      />
                    </label>
                    <div
                      className="bp3-form-content"
                    >
                      <Blueprint3.InputGroup
                        id="place"
                        large={true}
                        onChange={[Function]}
                        value=""
                      >
                        <div
                          className="bp3-input-group bp3-large"
                        >
                          <Blueprint3.Icon />
                          <input
                            className="bp3-input"
                            id="place"
                            onChange={[Function]}
                            style={
                              Object {
                                "paddingRight": 10,
                              }
                            }
                            type="text"
                            value=""
                          />
                        </div>
                      </Blueprint3.InputGroup>
                    </div>
                  </div>
                </Blueprint3.FormGroup>
                <Blueprint3.FormGroup
                  label="開始日時"
                  labelFor="startedAt"
                >
                  <div
                    className="bp3-form-group"
                  >
                    <label
                      className="bp3-label"
                      htmlFor="startedAt"
                    >
                      開始日時
                       
                      <span
                        className="bp3-text-muted"
                      />
                    </label>
                    <div
                      className="bp3-form-content"
                    >
                      <Blueprint3.InputGroup
                        id="startedAt"
                        large={true}
                        onChange={[Function]}
                        placeholder="2018/1/23 9:30"
                        value=""
                      >
                        <div
                          className="bp3-input-group bp3-large"
                        >
                          <Blueprint3.Icon />
                          <input
                            className="bp3-input"
                            id="startedAt"
                            onChange={[Function]}
                            placeholder="2018/1/23 9:30"
                            style={
                              Object {
                                "paddingRight": 10,
                              }
                            }
                            type="text"
                            value=""
                          />
                        </div>
                      </Blueprint3.InputGroup>
                    </div>
                  </div>
                </Blueprint3.FormGroup>
                <Blueprint3.FormGroup
                  label="終了日時"
                  labelFor="endedAt"
                >
                  <div
                    className="bp3-form-group"
                  >
                    <label
                      className="bp3-label"
                      htmlFor="endedAt"
                    >
                      終了日時
                       
                      <span
                        className="bp3-text-muted"
                      />
                    </label>
                    <div
                      className="bp3-form-content"
                    >
                      <Blueprint3.InputGroup
                        id="endedAt"
                        large={true}
                        onChange={[Function]}
                        placeholder="2018/1/23 9:30"
                        value=""
                      >
                        <div
                          className="bp3-input-group bp3-large"
                        >
                          <Blueprint3.Icon />
                          <input
                            className="bp3-input"
                            id="endedAt"
                            onChange={[Function]}
                            placeholder="2018/1/23 9:30"
                            style={
                              Object {
                                "paddingRight": 10,
                              }
                            }
                            type="text"
                            value=""
                          />
                        </div>
                      </Blueprint3.InputGroup>
                    </div>
                  </div>
                </Blueprint3.FormGroup>
                <Blueprint3.Button
                  fill={true}
                  large={true}
                  onClick={[Function]}
                  text="作成"
                >
                  <button
                    className="bp3-button bp3-fill bp3-large"
                    onClick={[Function]}
                    onKeyDown={[Function]}
                    onKeyUp={[Function]}
                    type="button"
                  >
                    <Blueprint3.Icon
                      key="leftIcon"
                    />
                    <span
                      className="bp3-button-text"
                      key="text"
                    >
                      作成
                    </span>
                    <Blueprint3.Icon
                      key="rightIcon"
                    />
                  </button>
                </Blueprint3.Button>
              </form>
            </EventCreateForm>
          </div>
        </StyledComponent>
      </styled.div>
    </Container>
  </NewEvent>
</MockRouter>
`;
