// Jest Snapshot v1, https://goo.gl/fbAQLP

exports[`should match snapshot: Container/nomal 1`] = `
.c0 {
  padding: 10px 15px;
}

<Container>
  <NavigationBar
    appName="IPPO"
  >
    <Blueprint3.Navbar>
      <div
        className="bp3-navbar"
      >
        <Blueprint3.NavbarGroup
          align="left"
        >
          <div
            className="bp3-navbar-group bp3-align-left"
          >
            <Blueprint3.NavbarHeading>
              <div
                className="bp3-navbar-heading"
              >
                IPPO
              </div>
            </Blueprint3.NavbarHeading>
          </div>
        </Blueprint3.NavbarGroup>
      </div>
    </Blueprint3.Navbar>
  </NavigationBar>
  <styled.div>
    <StyledComponent
      forwardedComponent={
        Object {
          "$$typeof": Symbol(react.forward_ref),
          "attrs": Array [],
          "componentStyle": ComponentStyle {
            "componentId": "sc-bdVaJa",
            "isStatic": true,
            "lastClassName": "c0",
            "rules": Array [
              "
  padding: 10px 15px;
",
            ],
          },
          "displayName": "styled.div",
          "foldedComponentIds": Array [],
          "render": [Function],
          "styledComponentId": "sc-bdVaJa",
          "target": "div",
          "toString": [Function],
          "warnTooManyClasses": [Function],
          "withComponent": [Function],
        }
      }
      forwardedRef={null}
    >
      <div
        className="c0"
      >
        test
      </div>
    </StyledComponent>
  </styled.div>
</Container>
`;
