// Jest Snapshot v1, https://goo.gl/fbAQLP

exports[`should match snapshot: SignupForm/nomal 1`] = `
<MockRouter
  createHref={[Function]}
  location=""
  params={Object {}}
  path=""
  push={[Function]}
  replace={[Function]}
  url=""
>
  <SignupForm
    onSubmit={[MockFunction]}
  >
    <form>
      <Blueprint3.FormGroup
        label="名前"
        labelFor="name"
      >
        <div
          className="bp3-form-group"
        >
          <label
            className="bp3-label"
            htmlFor="name"
          >
            名前
             
            <span
              className="bp3-text-muted"
            />
          </label>
          <div
            className="bp3-form-content"
          >
            <Blueprint3.InputGroup
              id="name"
              large={true}
              name="name"
              onChange={[Function]}
              value=""
            >
              <div
                className="bp3-input-group bp3-large"
              >
                <Blueprint3.Icon />
                <input
                  className="bp3-input"
                  id="name"
                  name="name"
                  onChange={[Function]}
                  style={
                    Object {
                      "paddingRight": 10,
                    }
                  }
                  type="text"
                  value=""
                />
              </div>
            </Blueprint3.InputGroup>
          </div>
        </div>
      </Blueprint3.FormGroup>
      <Blueprint3.FormGroup
        label="メールアドレス"
        labelFor="email"
      >
        <div
          className="bp3-form-group"
        >
          <label
            className="bp3-label"
            htmlFor="email"
          >
            メールアドレス
             
            <span
              className="bp3-text-muted"
            />
          </label>
          <div
            className="bp3-form-content"
          >
            <Blueprint3.InputGroup
              id="email"
              large={true}
              name="email"
              onChange={[Function]}
              value=""
            >
              <div
                className="bp3-input-group bp3-large"
              >
                <Blueprint3.Icon />
                <input
                  className="bp3-input"
                  id="email"
                  name="email"
                  onChange={[Function]}
                  style={
                    Object {
                      "paddingRight": 10,
                    }
                  }
                  type="text"
                  value=""
                />
              </div>
            </Blueprint3.InputGroup>
          </div>
        </div>
      </Blueprint3.FormGroup>
      <Blueprint3.FormGroup
        label="パスワード"
        labelFor="pass"
      >
        <div
          className="bp3-form-group"
        >
          <label
            className="bp3-label"
            htmlFor="pass"
          >
            パスワード
             
            <span
              className="bp3-text-muted"
            />
          </label>
          <div
            className="bp3-form-content"
          >
            <Blueprint3.InputGroup
              id="pass"
              large={true}
              name="pass"
              onChange={[Function]}
              type="password"
              value=""
            >
              <div
                className="bp3-input-group bp3-large"
              >
                <Blueprint3.Icon />
                <input
                  className="bp3-input"
                  id="pass"
                  name="pass"
                  onChange={[Function]}
                  style={
                    Object {
                      "paddingRight": 10,
                    }
                  }
                  type="password"
                  value=""
                />
              </div>
            </Blueprint3.InputGroup>
          </div>
        </div>
      </Blueprint3.FormGroup>
      <Blueprint3.Button
        disabled={true}
        fill={true}
        large={true}
        onClick={[Function]}
        text="登録"
        type="submit"
      >
        <button
          className="bp3-button bp3-disabled bp3-fill bp3-large"
          disabled={true}
          onKeyDown={[Function]}
          onKeyUp={[Function]}
          tabIndex={-1}
          type="submit"
        >
          <Blueprint3.Icon
            key="leftIcon"
          />
          <span
            className="bp3-button-text"
            key="text"
          >
            登録
          </span>
          <Blueprint3.Icon
            key="rightIcon"
          />
        </button>
      </Blueprint3.Button>
    </form>
  </SignupForm>
</MockRouter>
`;
