// Jest Snapshot v1, https://goo.gl/fbAQLP

exports[`should match snapshot: Tweet/nomal 1`] = `
.c3 {
  border-radius: 50%;
  float: left;
  height: 48px;
  margin-top: 3px;
  position: absolute;
  width: 48px;
}

.c4 {
  margin: 0;
  white-space: pre-wrap;
  word-wrap: break-word;
}

.c5 {
  display: inline-block;
  margin: 4px 0;
  min-width: 78px;
}

.c0 {
  padding: 9px 12px 0;
}

.c1 {
  font-size: 15px;
  margin-left: 58px;
}

.c2 {
  margin-left: -58px;
}

<MockRouter
  createHref={[Function]}
  location=""
  params={Object {}}
  path=""
  push={[Function]}
  replace={[Function]}
  url=""
>
  <Tweet
    name="ozaki25"
    text="Storybookいいところ
  - どんなコンポーネントが存在してるか可視化できる
  - コンポーネントの扱い方が分かる
  - UIの修正デバッグが楽
  #ThinkAtomicDesign"
    time="12月10日"
  >
    <styled.div>
      <StyledComponent
        forwardedComponent={
          Object {
            "$$typeof": Symbol(react.forward_ref),
            "attrs": Array [],
            "componentStyle": ComponentStyle {
              "componentId": "sc-ifAKCX",
              "isStatic": true,
              "lastClassName": "c0",
              "rules": Array [
                "
  padding: 9px 12px 0;
",
              ],
            },
            "displayName": "styled.div",
            "foldedComponentIds": Array [],
            "render": [Function],
            "styledComponentId": "sc-ifAKCX",
            "target": "div",
            "toString": [Function],
            "warnTooManyClasses": [Function],
            "withComponent": [Function],
          }
        }
        forwardedRef={null}
      >
        <div
          className="c0"
        >
          <styled.div>
            <StyledComponent
              forwardedComponent={
                Object {
                  "$$typeof": Symbol(react.forward_ref),
                  "attrs": Array [],
                  "componentStyle": ComponentStyle {
                    "componentId": "sc-EHOje",
                    "isStatic": true,
                    "lastClassName": "c1",
                    "rules": Array [
                      "
  font-size: 15px;
  margin-left: 58px;
",
                    ],
                  },
                  "displayName": "styled.div",
                  "foldedComponentIds": Array [],
                  "render": [Function],
                  "styledComponentId": "sc-EHOje",
                  "target": "div",
                  "toString": [Function],
                  "warnTooManyClasses": [Function],
                  "withComponent": [Function],
                }
              }
              forwardedRef={null}
            >
              <div
                className="c1"
              >
                <Styled(IconImage)
                  src="/icon.png"
                >
                  <StyledComponent
                    forwardedComponent={
                      Object {
                        "$$typeof": Symbol(react.forward_ref),
                        "attrs": Array [],
                        "componentStyle": ComponentStyle {
                          "componentId": "sc-bZQynM",
                          "isStatic": true,
                          "lastClassName": "c2",
                          "rules": Array [
                            "
  margin-left: -58px;
",
                          ],
                        },
                        "displayName": "Styled(IconImage)",
                        "foldedComponentIds": Array [],
                        "render": [Function],
                        "styledComponentId": "sc-bZQynM",
                        "target": [Function],
                        "toString": [Function],
                        "warnTooManyClasses": [Function],
                        "withComponent": [Function],
                        Symbol(Symbol.hasInstance): [Function],
                      }
                    }
                    forwardedRef={null}
                    src="/icon.png"
                  >
                    <IconImage
                      className="c2"
                      src="/icon.png"
                    >
                      <styled.img
                        className="c2"
                        src="/icon.png"
                      >
                        <StyledComponent
                          className="c2"
                          forwardedComponent={
                            Object {
                              "$$typeof": Symbol(react.forward_ref),
                              "attrs": Array [],
                              "componentStyle": ComponentStyle {
                                "componentId": "sc-bdVaJa",
                                "isStatic": true,
                                "lastClassName": "c3",
                                "rules": Array [
                                  "
  border-radius: 50%;
  float: left;
  height: 48px;
  margin-top: 3px;
  position: absolute;
  width: 48px;
",
                                ],
                              },
                              "displayName": "styled.img",
                              "foldedComponentIds": Array [],
                              "render": [Function],
                              "styledComponentId": "sc-bdVaJa",
                              "target": "img",
                              "toString": [Function],
                              "warnTooManyClasses": [Function],
                              "withComponent": [Function],
                            }
                          }
                          forwardedRef={null}
                          src="/icon.png"
                        >
                          <img
                            className="c2 c3"
                            src="/icon.png"
                          />
                        </StyledComponent>
                      </styled.img>
                    </IconImage>
                  </StyledComponent>
                </Styled(IconImage)>
                <TweetHeader
                  name="ozaki25"
                  time="12月10日"
                >
                  <strong>
                    ozaki25
                  </strong>
                  <styled.small>
                    <StyledComponent
                      forwardedComponent={
                        Object {
                          "$$typeof": Symbol(react.forward_ref),
                          "attrs": Array [],
                          "componentStyle": ComponentStyle {
                            "componentId": "sc-bwzfXH",
                            "isStatic": true,
                            "lastClassName": "uTxCW",
                            "rules": Array [],
                          },
                          "displayName": "styled.small",
                          "foldedComponentIds": Array [],
                          "render": [Function],
                          "styledComponentId": "sc-bwzfXH",
                          "target": "small",
                          "toString": [Function],
                          "warnTooManyClasses": [Function],
                          "withComponent": [Function],
                        }
                      }
                      forwardedRef={null}
                    >
                      <small
                        className=""
                      >
                        12月10日
                      </small>
                    </StyledComponent>
                  </styled.small>
                </TweetHeader>
                <TweetBody
                  text="Storybookいいところ
  - どんなコンポーネントが存在してるか可視化できる
  - コンポーネントの扱い方が分かる
  - UIの修正デバッグが楽
  #ThinkAtomicDesign"
                >
                  <styled.p>
                    <StyledComponent
                      forwardedComponent={
                        Object {
                          "$$typeof": Symbol(react.forward_ref),
                          "attrs": Array [],
                          "componentStyle": ComponentStyle {
                            "componentId": "sc-htpNat",
                            "isStatic": true,
                            "lastClassName": "c4",
                            "rules": Array [
                              "
  margin: 0;
  white-space: pre-wrap;
  word-wrap: break-word;
",
                            ],
                          },
                          "displayName": "styled.p",
                          "foldedComponentIds": Array [],
                          "render": [Function],
                          "styledComponentId": "sc-htpNat",
                          "target": "p",
                          "toString": [Function],
                          "warnTooManyClasses": [Function],
                          "withComponent": [Function],
                        }
                      }
                      forwardedRef={null}
                    >
                      <p
                        className="c4"
                      >
                        Storybookいいところ
  - どんなコンポーネントが存在してるか可視化できる
  - コンポーネントの扱い方が分かる
  - UIの修正デバッグが楽
  #ThinkAtomicDesign
                      </p>
                    </StyledComponent>
                  </styled.p>
                </TweetBody>
                <TweetFooter
                  onClickLike={[Function]}
                  onClickReply={[Function]}
                  onClickRetweet={[Function]}
                >
                  <Component
                    classes={
                      Object {
                        "smallIcon": "Component-smallIcon-1",
                      }
                    }
                    onClickLike={[Function]}
                    onClickReply={[Function]}
                    onClickRetweet={[Function]}
                  >
                    <styled.div>
                      <StyledComponent
                        forwardedComponent={
                          Object {
                            "$$typeof": Symbol(react.forward_ref),
                            "attrs": Array [],
                            "componentStyle": ComponentStyle {
                              "componentId": "sc-bxivhb",
                              "isStatic": true,
                              "lastClassName": "c5",
                              "rules": Array [
                                "
  display: inline-block;
  margin: 4px 0;
  min-width: 78px;
",
                              ],
                            },
                            "displayName": "styled.div",
                            "foldedComponentIds": Array [],
                            "render": [Function],
                            "styledComponentId": "sc-bxivhb",
                            "target": "div",
                            "toString": [Function],
                            "warnTooManyClasses": [Function],
                            "withComponent": [Function],
                          }
                        }
                        forwardedRef={null}
                      >
                        <div
                          className="c5"
                        >
                          <WithStyles(IconButton)
                            className="Component-smallIcon-1"
                            onClick={[Function]}
                          >
                            <IconButton
                              className="Component-smallIcon-1"
                              classes={
                                Object {
                                  "colorInherit": "MuiIconButton-colorInherit-3",
                                  "colorPrimary": "MuiIconButton-colorPrimary-4",
                                  "colorSecondary": "MuiIconButton-colorSecondary-5",
                                  "disabled": "MuiIconButton-disabled-6",
                                  "label": "MuiIconButton-label-7",
                                  "root": "MuiIconButton-root-2",
                                }
                              }
                              color="default"
                              disabled={false}
                              onClick={[Function]}
                            >
                              <WithStyles(ButtonBase)
                                centerRipple={true}
                                className="MuiIconButton-root-2 Component-smallIcon-1"
                                disabled={false}
                                focusRipple={true}
                                onClick={[Function]}
                              >
                                <ButtonBase
                                  centerRipple={true}
                                  className="MuiIconButton-root-2 Component-smallIcon-1"
                                  classes={
                                    Object {
                                      "disabled": "MuiButtonBase-disabled-9",
                                      "focusVisible": "MuiButtonBase-focusVisible-10",
                                      "root": "MuiButtonBase-root-8",
                                    }
                                  }
                                  component="button"
                                  disableRipple={false}
                                  disableTouchRipple={false}
                                  disabled={false}
                                  focusRipple={true}
                                  onClick={[Function]}
                                  tabIndex="0"
                                  type="button"
                                >
                                  <button
                                    className="MuiButtonBase-root-8 MuiIconButton-root-2 Component-smallIcon-1"
                                    disabled={false}
                                    onBlur={[Function]}
                                    onClick={[Function]}
                                    onContextMenu={[Function]}
                                    onFocus={[Function]}
                                    onKeyDown={[Function]}
                                    onKeyUp={[Function]}
                                    onMouseDown={[Function]}
                                    onMouseLeave={[Function]}
                                    onMouseUp={[Function]}
                                    onTouchEnd={[Function]}
                                    onTouchMove={[Function]}
                                    onTouchStart={[Function]}
                                    tabIndex="0"
                                    type="button"
                                  >
                                    <span
                                      className="MuiIconButton-label-7"
                                    >
                                      <pure(ModeCommentOutlinedIcon)
                                        color="action"
                                        fontSize="inherit"
                                      >
                                        <ModeCommentOutlinedIcon
                                          color="action"
                                          fontSize="inherit"
                                        >
                                          <WithStyles(SvgIcon)
                                            color="action"
                                            fontSize="inherit"
                                          >
                                            <SvgIcon
                                              classes={
                                                Object {
                                                  "colorAction": "MuiSvgIcon-colorAction-14",
                                                  "colorDisabled": "MuiSvgIcon-colorDisabled-16",
                                                  "colorError": "MuiSvgIcon-colorError-15",
                                                  "colorPrimary": "MuiSvgIcon-colorPrimary-12",
                                                  "colorSecondary": "MuiSvgIcon-colorSecondary-13",
                                                  "fontSizeInherit": "MuiSvgIcon-fontSizeInherit-17",
                                                  "fontSizeLarge": "MuiSvgIcon-fontSizeLarge-19",
                                                  "fontSizeSmall": "MuiSvgIcon-fontSizeSmall-18",
                                                  "root": "MuiSvgIcon-root-11",
                                                }
                                              }
                                              color="action"
                                              component="svg"
                                              fontSize="inherit"
                                              viewBox="0 0 24 24"
                                            >
                                              <svg
                                                aria-hidden="true"
                                                className="MuiSvgIcon-root-11 MuiSvgIcon-colorAction-14 MuiSvgIcon-fontSizeInherit-17"
                                                focusable="false"
                                                role="presentation"
                                                viewBox="0 0 24 24"
                                              >
                                                <path
                                                  d="M0 0h24v24H0V0z"
                                                  fill="none"
                                                />
                                                <g>
                                                  <path
                                                    d="M20 17.17L18.83 16H4V4h16v13.17zM20 2H4c-1.1 0-2 .9-2 2v12c0 1.1.9 2 2 2h14l4 4V4c0-1.1-.9-2-2-2z"
                                                  />
                                                </g>
                                              </svg>
                                            </SvgIcon>
                                          </WithStyles(SvgIcon)>
                                        </ModeCommentOutlinedIcon>
                                      </pure(ModeCommentOutlinedIcon)>
                                    </span>
                                    <NoSsr
                                      defer={false}
                                      fallback={null}
                                    >
                                      <WithStyles(TouchRipple)
                                        center={true}
                                        innerRef={[Function]}
                                      >
                                        <TouchRipple
                                          center={true}
                                          classes={
                                            Object {
                                              "child": "MuiTouchRipple-child-29",
                                              "childLeaving": "MuiTouchRipple-childLeaving-30",
                                              "childPulsate": "MuiTouchRipple-childPulsate-31",
                                              "ripple": "MuiTouchRipple-ripple-26",
                                              "ripplePulsate": "MuiTouchRipple-ripplePulsate-28",
                                              "rippleVisible": "MuiTouchRipple-rippleVisible-27",
                                              "root": "MuiTouchRipple-root-25",
                                            }
                                          }
                                        >
                                          <TransitionGroup
                                            childFactory={[Function]}
                                            className="MuiTouchRipple-root-25"
                                            component="span"
                                            enter={true}
                                            exit={true}
                                          >
                                            <span
                                              className="MuiTouchRipple-root-25"
                                            />
                                          </TransitionGroup>
                                        </TouchRipple>
                                      </WithStyles(TouchRipple)>
                                    </NoSsr>
                                  </button>
                                </ButtonBase>
                              </WithStyles(ButtonBase)>
                            </IconButton>
                          </WithStyles(IconButton)>
                        </div>
                      </StyledComponent>
                    </styled.div>
                    <styled.div>
                      <StyledComponent
                        forwardedComponent={
                          Object {
                            "$$typeof": Symbol(react.forward_ref),
                            "attrs": Array [],
                            "componentStyle": ComponentStyle {
                              "componentId": "sc-bxivhb",
                              "isStatic": true,
                              "lastClassName": "c5",
                              "rules": Array [
                                "
  display: inline-block;
  margin: 4px 0;
  min-width: 78px;
",
                              ],
                            },
                            "displayName": "styled.div",
                            "foldedComponentIds": Array [],
                            "render": [Function],
                            "styledComponentId": "sc-bxivhb",
                            "target": "div",
                            "toString": [Function],
                            "warnTooManyClasses": [Function],
                            "withComponent": [Function],
                          }
                        }
                        forwardedRef={null}
                      >
                        <div
                          className="c5"
                        >
                          <WithStyles(IconButton)
                            className="Component-smallIcon-1"
                            onClick={[Function]}
                          >
                            <IconButton
                              className="Component-smallIcon-1"
                              classes={
                                Object {
                                  "colorInherit": "MuiIconButton-colorInherit-3",
                                  "colorPrimary": "MuiIconButton-colorPrimary-4",
                                  "colorSecondary": "MuiIconButton-colorSecondary-5",
                                  "disabled": "MuiIconButton-disabled-6",
                                  "label": "MuiIconButton-label-7",
                                  "root": "MuiIconButton-root-2",
                                }
                              }
                              color="default"
                              disabled={false}
                              onClick={[Function]}
                            >
                              <WithStyles(ButtonBase)
                                centerRipple={true}
                                className="MuiIconButton-root-2 Component-smallIcon-1"
                                disabled={false}
                                focusRipple={true}
                                onClick={[Function]}
                              >
                                <ButtonBase
                                  centerRipple={true}
                                  className="MuiIconButton-root-2 Component-smallIcon-1"
                                  classes={
                                    Object {
                                      "disabled": "MuiButtonBase-disabled-9",
                                      "focusVisible": "MuiButtonBase-focusVisible-10",
                                      "root": "MuiButtonBase-root-8",
                                    }
                                  }
                                  component="button"
                                  disableRipple={false}
                                  disableTouchRipple={false}
                                  disabled={false}
                                  focusRipple={true}
                                  onClick={[Function]}
                                  tabIndex="0"
                                  type="button"
                                >
                                  <button
                                    className="MuiButtonBase-root-8 MuiIconButton-root-2 Component-smallIcon-1"
                                    disabled={false}
                                    onBlur={[Function]}
                                    onClick={[Function]}
                                    onContextMenu={[Function]}
                                    onFocus={[Function]}
                                    onKeyDown={[Function]}
                                    onKeyUp={[Function]}
                                    onMouseDown={[Function]}
                                    onMouseLeave={[Function]}
                                    onMouseUp={[Function]}
                                    onTouchEnd={[Function]}
                                    onTouchMove={[Function]}
                                    onTouchStart={[Function]}
                                    tabIndex="0"
                                    type="button"
                                  >
                                    <span
                                      className="MuiIconButton-label-7"
                                    >
                                      <pure(RepeatRoundedIcon)
                                        color="action"
                                        fontSize="inherit"
                                      >
                                        <RepeatRoundedIcon
                                          color="action"
                                          fontSize="inherit"
                                        >
                                          <WithStyles(SvgIcon)
                                            color="action"
                                            fontSize="inherit"
                                          >
                                            <SvgIcon
                                              classes={
                                                Object {
                                                  "colorAction": "MuiSvgIcon-colorAction-14",
                                                  "colorDisabled": "MuiSvgIcon-colorDisabled-16",
                                                  "colorError": "MuiSvgIcon-colorError-15",
                                                  "colorPrimary": "MuiSvgIcon-colorPrimary-12",
                                                  "colorSecondary": "MuiSvgIcon-colorSecondary-13",
                                                  "fontSizeInherit": "MuiSvgIcon-fontSizeInherit-17",
                                                  "fontSizeLarge": "MuiSvgIcon-fontSizeLarge-19",
                                                  "fontSizeSmall": "MuiSvgIcon-fontSizeSmall-18",
                                                  "root": "MuiSvgIcon-root-11",
                                                }
                                              }
                                              color="action"
                                              component="svg"
                                              fontSize="inherit"
                                              viewBox="0 0 24 24"
                                            >
                                              <svg
                                                aria-hidden="true"
                                                className="MuiSvgIcon-root-11 MuiSvgIcon-colorAction-14 MuiSvgIcon-fontSizeInherit-17"
                                                focusable="false"
                                                role="presentation"
                                                viewBox="0 0 24 24"
                                              >
                                                <path
                                                  d="M7 7h10v1.79c0 .45.54.67.85.35l2.79-2.79c.2-.2.2-.51 0-.71l-2.79-2.79c-.31-.31-.85-.09-.85.36V5H6c-.55 0-1 .45-1 1v4c0 .55.45 1 1 1s1-.45 1-1V7zm10 10H7v-1.79c0-.45-.54-.67-.85-.35l-2.79 2.79c-.2.2-.2.51 0 .71l2.79 2.79c.31.31.85.09.85-.36V19h11c.55 0 1-.45 1-1v-4c0-.55-.45-1-1-1s-1 .45-1 1v3z"
                                                />
                                              </svg>
                                            </SvgIcon>
                                          </WithStyles(SvgIcon)>
                                        </RepeatRoundedIcon>
                                      </pure(RepeatRoundedIcon)>
                                    </span>
                                    <NoSsr
                                      defer={false}
                                      fallback={null}
                                    >
                                      <WithStyles(TouchRipple)
                                        center={true}
                                        innerRef={[Function]}
                                      >
                                        <TouchRipple
                                          center={true}
                                          classes={
                                            Object {
                                              "child": "MuiTouchRipple-child-29",
                                              "childLeaving": "MuiTouchRipple-childLeaving-30",
                                              "childPulsate": "MuiTouchRipple-childPulsate-31",
                                              "ripple": "MuiTouchRipple-ripple-26",
                                              "ripplePulsate": "MuiTouchRipple-ripplePulsate-28",
                                              "rippleVisible": "MuiTouchRipple-rippleVisible-27",
                                              "root": "MuiTouchRipple-root-25",
                                            }
                                          }
                                        >
                                          <TransitionGroup
                                            childFactory={[Function]}
                                            className="MuiTouchRipple-root-25"
                                            component="span"
                                            enter={true}
                                            exit={true}
                                          >
                                            <span
                                              className="MuiTouchRipple-root-25"
                                            />
                                          </TransitionGroup>
                                        </TouchRipple>
                                      </WithStyles(TouchRipple)>
                                    </NoSsr>
                                  </button>
                                </ButtonBase>
                              </WithStyles(ButtonBase)>
                            </IconButton>
                          </WithStyles(IconButton)>
                        </div>
                      </StyledComponent>
                    </styled.div>
                    <styled.div>
                      <StyledComponent
                        forwardedComponent={
                          Object {
                            "$$typeof": Symbol(react.forward_ref),
                            "attrs": Array [],
                            "componentStyle": ComponentStyle {
                              "componentId": "sc-bxivhb",
                              "isStatic": true,
                              "lastClassName": "c5",
                              "rules": Array [
                                "
  display: inline-block;
  margin: 4px 0;
  min-width: 78px;
",
                              ],
                            },
                            "displayName": "styled.div",
                            "foldedComponentIds": Array [],
                            "render": [Function],
                            "styledComponentId": "sc-bxivhb",
                            "target": "div",
                            "toString": [Function],
                            "warnTooManyClasses": [Function],
                            "withComponent": [Function],
                          }
                        }
                        forwardedRef={null}
                      >
                        <div
                          className="c5"
                        >
                          <WithStyles(IconButton)
                            className="Component-smallIcon-1"
                            onClick={[Function]}
                          >
                            <IconButton
                              className="Component-smallIcon-1"
                              classes={
                                Object {
                                  "colorInherit": "MuiIconButton-colorInherit-3",
                                  "colorPrimary": "MuiIconButton-colorPrimary-4",
                                  "colorSecondary": "MuiIconButton-colorSecondary-5",
                                  "disabled": "MuiIconButton-disabled-6",
                                  "label": "MuiIconButton-label-7",
                                  "root": "MuiIconButton-root-2",
                                }
                              }
                              color="default"
                              disabled={false}
                              onClick={[Function]}
                            >
                              <WithStyles(ButtonBase)
                                centerRipple={true}
                                className="MuiIconButton-root-2 Component-smallIcon-1"
                                disabled={false}
                                focusRipple={true}
                                onClick={[Function]}
                              >
                                <ButtonBase
                                  centerRipple={true}
                                  className="MuiIconButton-root-2 Component-smallIcon-1"
                                  classes={
                                    Object {
                                      "disabled": "MuiButtonBase-disabled-9",
                                      "focusVisible": "MuiButtonBase-focusVisible-10",
                                      "root": "MuiButtonBase-root-8",
                                    }
                                  }
                                  component="button"
                                  disableRipple={false}
                                  disableTouchRipple={false}
                                  disabled={false}
                                  focusRipple={true}
                                  onClick={[Function]}
                                  tabIndex="0"
                                  type="button"
                                >
                                  <button
                                    className="MuiButtonBase-root-8 MuiIconButton-root-2 Component-smallIcon-1"
                                    disabled={false}
                                    onBlur={[Function]}
                                    onClick={[Function]}
                                    onContextMenu={[Function]}
                                    onFocus={[Function]}
                                    onKeyDown={[Function]}
                                    onKeyUp={[Function]}
                                    onMouseDown={[Function]}
                                    onMouseLeave={[Function]}
                                    onMouseUp={[Function]}
                                    onTouchEnd={[Function]}
                                    onTouchMove={[Function]}
                                    onTouchStart={[Function]}
                                    tabIndex="0"
                                    type="button"
                                  >
                                    <span
                                      className="MuiIconButton-label-7"
                                    >
                                      <pure(FavoriteBorderIcon)
                                        color="action"
                                        fontSize="inherit"
                                      >
                                        <FavoriteBorderIcon
                                          color="action"
                                          fontSize="inherit"
                                        >
                                          <WithStyles(SvgIcon)
                                            color="action"
                                            fontSize="inherit"
                                          >
                                            <SvgIcon
                                              classes={
                                                Object {
                                                  "colorAction": "MuiSvgIcon-colorAction-14",
                                                  "colorDisabled": "MuiSvgIcon-colorDisabled-16",
                                                  "colorError": "MuiSvgIcon-colorError-15",
                                                  "colorPrimary": "MuiSvgIcon-colorPrimary-12",
                                                  "colorSecondary": "MuiSvgIcon-colorSecondary-13",
                                                  "fontSizeInherit": "MuiSvgIcon-fontSizeInherit-17",
                                                  "fontSizeLarge": "MuiSvgIcon-fontSizeLarge-19",
                                                  "fontSizeSmall": "MuiSvgIcon-fontSizeSmall-18",
                                                  "root": "MuiSvgIcon-root-11",
                                                }
                                              }
                                              color="action"
                                              component="svg"
                                              fontSize="inherit"
                                              viewBox="0 0 24 24"
                                            >
                                              <svg
                                                aria-hidden="true"
                                                className="MuiSvgIcon-root-11 MuiSvgIcon-colorAction-14 MuiSvgIcon-fontSizeInherit-17"
                                                focusable="false"
                                                role="presentation"
                                                viewBox="0 0 24 24"
                                              >
                                                <path
                                                  d="M0 0h24v24H0z"
                                                  fill="none"
                                                />
                                                <path
                                                  d="M16.5 3c-1.74 0-3.41.81-4.5 2.09C10.91 3.81 9.24 3 7.5 3 4.42 3 2 5.42 2 8.5c0 3.78 3.4 6.86 8.55 11.54L12 21.35l1.45-1.32C18.6 15.36 22 12.28 22 8.5 22 5.42 19.58 3 16.5 3zm-4.4 15.55l-.1.1-.1-.1C7.14 14.24 4 11.39 4 8.5 4 6.5 5.5 5 7.5 5c1.54 0 3.04.99 3.57 2.36h1.87C13.46 5.99 14.96 5 16.5 5c2 0 3.5 1.5 3.5 3.5 0 2.89-3.14 5.74-7.9 10.05z"
                                                />
                                              </svg>
                                            </SvgIcon>
                                          </WithStyles(SvgIcon)>
                                        </FavoriteBorderIcon>
                                      </pure(FavoriteBorderIcon)>
                                    </span>
                                    <NoSsr
                                      defer={false}
                                      fallback={null}
                                    >
                                      <WithStyles(TouchRipple)
                                        center={true}
                                        innerRef={[Function]}
                                      >
                                        <TouchRipple
                                          center={true}
                                          classes={
                                            Object {
                                              "child": "MuiTouchRipple-child-29",
                                              "childLeaving": "MuiTouchRipple-childLeaving-30",
                                              "childPulsate": "MuiTouchRipple-childPulsate-31",
                                              "ripple": "MuiTouchRipple-ripple-26",
                                              "ripplePulsate": "MuiTouchRipple-ripplePulsate-28",
                                              "rippleVisible": "MuiTouchRipple-rippleVisible-27",
                                              "root": "MuiTouchRipple-root-25",
                                            }
                                          }
                                        >
                                          <TransitionGroup
                                            childFactory={[Function]}
                                            className="MuiTouchRipple-root-25"
                                            component="span"
                                            enter={true}
                                            exit={true}
                                          >
                                            <span
                                              className="MuiTouchRipple-root-25"
                                            />
                                          </TransitionGroup>
                                        </TouchRipple>
                                      </WithStyles(TouchRipple)>
                                    </NoSsr>
                                  </button>
                                </ButtonBase>
                              </WithStyles(ButtonBase)>
                            </IconButton>
                          </WithStyles(IconButton)>
                        </div>
                      </StyledComponent>
                    </styled.div>
                  </Component>
                </TweetFooter>
              </div>
            </StyledComponent>
          </styled.div>
        </div>
      </StyledComponent>
    </styled.div>
    <WithStyles(Divider)
      light={true}
    >
      <Divider
        absolute={false}
        classes={
          Object {
            "absolute": "MuiDivider-absolute-21",
            "inset": "MuiDivider-inset-22",
            "light": "MuiDivider-light-23",
            "middle": "MuiDivider-middle-24",
            "root": "MuiDivider-root-20",
          }
        }
        component="hr"
        light={true}
        variant="fullWidth"
      >
        <hr
          className="MuiDivider-root-20 MuiDivider-light-23"
        />
      </Divider>
    </WithStyles(Divider)>
  </Tweet>
</MockRouter>
`;
