// Jest Snapshot v1, https://goo.gl/fbAQLP

exports[`should match snapshot: NavigationBar/nomal 1`] = `
<NavigationBar
  appName="test"
>
  <Blueprint3.Navbar>
    <div
      className="bp3-navbar"
    >
      <Blueprint3.NavbarGroup
        align="left"
      >
        <div
          className="bp3-navbar-group bp3-align-left"
        >
          <Blueprint3.NavbarHeading>
            <div
              className="bp3-navbar-heading"
            >
              test
            </div>
          </Blueprint3.NavbarHeading>
        </div>
      </Blueprint3.NavbarGroup>
    </div>
  </Blueprint3.Navbar>
</NavigationBar>
`;
