// Jest Snapshot v1, https://goo.gl/fbAQLP

exports[`should match snapshot: TweetForm/nomal 1`] = `
<MockRouter
  createHref={[Function]}
  location=""
  params={Object {}}
  path=""
  push={[Function]}
  replace={[Function]}
  url=""
>
  <TweetForm
    onSubmit={[MockFunction]}
  >
    <form>
      <Blueprint3.FormGroup
        labelFor="text"
      >
        <div
          className="bp3-form-group"
        >
          <div
            className="bp3-form-content"
          >
            <Blueprint3.TextArea
              fill={true}
              id="text"
              inputRef={
                Object {
                  "current": <textarea
                    class="bp3-input bp3-fill bp3-large"
                    id="text"
                    name="text"
                  >
                    
#undefined
                  </textarea>,
                }
              }
              large={true}
              name="text"
              onChange={[Function]}
              value="
#undefined"
            >
              <textarea
                className="bp3-input bp3-fill bp3-large"
                id="text"
                name="text"
                onChange={[Function]}
                value="
#undefined"
              />
            </Blueprint3.TextArea>
          </div>
        </div>
      </Blueprint3.FormGroup>
      <Blueprint3.Button
        disabled={false}
        fill={true}
        large={true}
        onClick={[Function]}
        text="ツイート"
      >
        <button
          className="bp3-button bp3-fill bp3-large"
          onClick={[Function]}
          onKeyDown={[Function]}
          onKeyUp={[Function]}
          type="button"
        >
          <Blueprint3.Icon
            key="leftIcon"
          />
          <span
            className="bp3-button-text"
            key="text"
          >
            ツイート
          </span>
          <Blueprint3.Icon
            key="rightIcon"
          />
        </button>
      </Blueprint3.Button>
    </form>
  </TweetForm>
</MockRouter>
`;
